
C:\jin\crossroad>call truffle.cmd test .\test\testautobuyer.js 
Using network 'test'.


Compiling your contracts...
===========================
> Compiling .\contracts\_test\TestCrossroadCallee.sol
> Artifacts written to C:\Users\whanh\AppData\Local\Temp\test--1744-rdcn1QwWszGK
> Compiled successfully using:
   - solc: 0.8.3+commit.8d00100c.Emscripten.clang


[0m[0m
[0m  Contract: TestAutoBuyer[0m
  [32m  √[0m[90m should buy and refund the excess[0m[31m (379ms)[0m


[92m [0m[32m 1 passing[0m[90m (1s)[0m

Using network 'test'.


Compiling your contracts...
===========================
> Compiling .\contracts\_test\TestCrossroadCallee.sol
> Artifacts written to C:\Users\whanh\AppData\Local\Temp\test--9520-dg7VX90e93pg
> Compiled successfully using:
   - solc: 0.8.3+commit.8d00100c.Emscripten.clang


[0m[0m
[0m  Contract: TestCrossroad_PostDepositBnbPayFee[0m
post gas: 529954
  [32m  √[0m[90m should post deposit bnb[0m[31m (2930ms)[0m

[0m  Contract: TestCrossroad_PostDepositBnbBuyFee[0m
post gas: 570713
  [32m  √[0m[90m should post deposit bnb[0m[31m (3126ms)[0m

[0m  Contract: TestCrossroad_PostDepositBnbPayFee_Renew[0m
post gas: 529954
renew gas: 30220
  [32m  √[0m[90m should post deposit bnb[0m[31m (4290ms)[0m

[0m  Contract: TestCrossroad_PostDepositBnbPayFee_Cancel[0m
post gas: 529954
cancel gas: 65745
  [32m  √[0m[90m should post deposit bnb[0m[31m (4548ms)[0m


[92m [0m[32m 4 passing[0m[90m (37s)[0m

Using network 'test'.


Compiling your contracts...
===========================
> Compiling .\contracts\_test\TestCrossroadCallee.sol
> Artifacts written to C:\Users\whanh\AppData\Local\Temp\test--15172-gU4CSMLsTp31
> Compiled successfully using:
   - solc: 0.8.3+commit.8d00100c.Emscripten.clang


[0m[0m
[0m  Contract: TestCrossroad_PostDepositBnbPayFee_FillPartial1[0m
post gas: 529954
fill gas: 126181
  [32m  √[0m[90m should post deposit bnb[0m[31m (4411ms)[0m

[0m  Contract: TestCrossroad_PostDepositBnbPayFee_FillPartial2[0m
post gas: 529954
fill1 gas: 126181
fill2 gas: 126181
  [32m  √[0m[90m should post deposit bnb[0m[31m (5761ms)[0m

[0m  Contract: TestCrossroad_PostDepositBnbPayFee_FillAll1[0m
post gas: 529954
fill gas: 81916
  [32m  √[0m[90m should post deposit bnb[0m[31m (6139ms)[0m

[0m  Contract: TestCrossroad_PostDepositBnbPayFee_FillAll2[0m
post gas: 529954
fill1 gas: 126181
fill2 gas: 126181
fill3 gas: 81916
  [32m  √[0m[90m should post deposit bnb[0m[31m (13822ms)[0m


[92m [0m[32m 4 passing[0m[90m (55s)[0m

Using network 'test'.


Compiling your contracts...
===========================
> Compiling .\contracts\_test\TestCrossroadCallee.sol
> Artifacts written to C:\Users\whanh\AppData\Local\Temp\test--1356-aI57Oq3R9k6y
> Compiled successfully using:
   - solc: 0.8.3+commit.8d00100c.Emscripten.clang


[0m[0m
[0m  Contract: TestCrossroad_PostDepositBnbPayFee_FillOver1[0m
  [32m  √[0m[90m should post deposit token[0m[31m (4153ms)[0m

[0m  Contract: TestCrossroad_PostDepositBnbPayFee_FillOver2[0m
  [32m  √[0m[90m should post deposit token[0m[31m (5729ms)[0m


[92m [0m[32m 2 passing[0m[90m (20s)[0m

Using network 'test'.


Compiling your contracts...
===========================
> Compiling .\contracts\_test\TestCrossroadCallee.sol
> Artifacts written to C:\Users\whanh\AppData\Local\Temp\test--2024-PvQS5sRWziYj
> Compiled successfully using:
   - solc: 0.8.3+commit.8d00100c.Emscripten.clang


[0m[0m
[0m  Contract: TestCrossroad_PostDepositBnbPayFee_FillBnbPartial1[0m
post gas: 581355
deposit gas: 21184
fill gas: 153214
  [32m  √[0m[90m should post deposit token[0m[31m (4588ms)[0m

[0m  Contract: TestCrossroad_PostDepositBnbPayFee_FillBnbPartial2[0m
post gas: 581355
deposit1 gas: 21184
fill1 gas: 153214
deposit2 gas: 21184
fill2 gas: 153214
  [32m  √[0m[90m should post deposit token[0m[31m (6297ms)[0m

[0m  Contract: TestCrossroad_PostDepositBnbPayFee_FillBnbAll1[0m
post gas: 581355
deposit gas: 21184
fill gas: 114632
  [32m  √[0m[90m should post deposit token[0m[31m (7099ms)[0m

[0m  Contract: TestCrossroad_PostDepositBnbPayFee_FillBnbAll2[0m
post gas: 581355
deposit1 gas: 21184
fill1 gas: 159914
deposit2 gas: 21184
fill2 gas: 159914
deposit3 gas: 21184
fill3 gas: 117982
  [32m  √[0m[90m should post deposit token[0m[31m (13206ms)[0m


[92m [0m[32m 4 passing[0m[90m (54s)[0m

Using network 'test'.


Compiling your contracts...
===========================
> Compiling .\contracts\_test\TestCrossroadCallee.sol
> Artifacts written to C:\Users\whanh\AppData\Local\Temp\test--5384-JY4xCbjsx9ft
> Compiled successfully using:
   - solc: 0.8.3+commit.8d00100c.Emscripten.clang


[0m[0m
[0m  Contract: TestCrossroad_PostDepositTokenPayFee_FillOver1[0m
post gas: 581355
deposit gas: 21184
fill gas: 117982
  [32m  √[0m[90m should post deposit token[0m[31m (4863ms)[0m

[0m  Contract: TestCrossroad_PostDepositTokenPayFee_FillOver2[0m
post gas: 581355
deposit1 gas: 21184
fill1 gas: 159914
deposit2 gas: 21184
fill2 gas: 117982
  [32m  √[0m[90m should post deposit token[0m[31m (6532ms)[0m


[92m [0m[32m 2 passing[0m[90m (22s)[0m

Using network 'test'.


Compiling your contracts...
===========================
> Compiling .\contracts\_test\TestCrossroadCallee.sol
> Artifacts written to C:\Users\whanh\AppData\Local\Temp\test--10252-PX1JmmBxUqM3
> Compiled successfully using:
   - solc: 0.8.3+commit.8d00100c.Emscripten.clang


[0m[0m
[0m  Contract: TestCrossroad_PostDepositBnbPayFee_FillBnbPartial1[0m
post gas: 581355
fill gas: 118737
  [32m  √[0m[90m should post deposit token[0m[31m (4365ms)[0m

[0m  Contract: TestCrossroad_PostDepositBnbPayFee_FillBnbPartial2[0m
post gas: 581355
fill1 gas: 118737
fill2 gas: 118737
  [32m  √[0m[90m should post deposit token[0m[31m (5780ms)[0m

[0m  Contract: TestCrossroad_PostDepositBnbPayFee_FillBnbAll1[0m
post gas: 581355
fill gas: 78194
  [32m  √[0m[90m should post deposit token[0m[31m (5861ms)[0m

[0m  Contract: TestCrossroad_PostDepositBnbPayFee_FillBnbAll2[0m
post gas: 581355
fill1 gas: 118737
fill2 gas: 118737
fill3 gas: 78194
  [32m  √[0m[90m should post deposit token[0m[31m (10886ms)[0m


[92m [0m[32m 4 passing[0m[90m (50s)[0m

Using network 'test'.


Compiling your contracts...
===========================
> Compiling .\contracts\_test\TestCrossroadCallee.sol
> Artifacts written to C:\Users\whanh\AppData\Local\Temp\test--12116-Z5UWE73gWqSz
> Compiled successfully using:
   - solc: 0.8.3+commit.8d00100c.Emscripten.clang


[0m[0m
[0m  Contract: TestCrossroad_PostDepositTokenPayFee_FillOver1[0m
post gas: 581355
fill gas: 81544
  [32m  √[0m[90m should post deposit token[0m[31m (4456ms)[0m

[0m  Contract: TestCrossroad_PostDepositTokenPayFee_FillOver2[0m
post gas: 581355
fill1 gas: 118737
fill2 gas: 81544
  [32m  √[0m[90m should post deposit token[0m[31m (6116ms)[0m


[92m [0m[32m 2 passing[0m[90m (21s)[0m

Using network 'test'.


Compiling your contracts...
===========================
> Compiling .\contracts\_test\TestCrossroadCallee.sol
> Artifacts written to C:\Users\whanh\AppData\Local\Temp\test--12340-yTYntJbeDLXv
> Compiled successfully using:
   - solc: 0.8.3+commit.8d00100c.Emscripten.clang


[0m[0m
[0m  Contract: TestCrossroad_PostDepositTokenPayFee[0m
post gas: 600795
  [32m  √[0m[90m should post deposit token[0m[31m (3795ms)[0m

[0m  Contract: TestCrossroad_PostDepositTokenBuyFee[0m
post gas: 640846
  [32m  √[0m[90m should post deposit token[0m[31m (3734ms)[0m

[0m  Contract: TestCrossroad_PostDepositTokenPayFee_Renew[0m
post gas: 600795
renew gas: 30220
  [32m  √[0m[90m should post deposit token[0m[31m (5003ms)[0m

[0m  Contract: TestCrossroad_PostDepositTokenPayFee_Cancel[0m
post gas: 600795
cancel gas: 71555
  [32m  √[0m[90m should post deposit token[0m[31m (7125ms)[0m


[92m [0m[32m 4 passing[0m[90m (42s)[0m

Using network 'test'.


Compiling your contracts...
===========================
> Compiling .\contracts\_test\TestCrossroadCallee.sol
> Artifacts written to C:\Users\whanh\AppData\Local\Temp\test--13892-dF2EuIlxXDrQ
> Compiled successfully using:
   - solc: 0.8.3+commit.8d00100c.Emscripten.clang


[0m[0m
[0m  Contract: TestCrossroad_PostDepositTokenPayFee_Fill1[0m
post gas: 600795
fill gas: 137800
  [32m  √[0m[90m should post deposit token[0m[31m (4983ms)[0m

[0m  Contract: TestCrossroad_PostDepositTokenPayFee_Fill2[0m
post gas: 600795
fill1 gas: 137800
fill2 gas: 137800
  [32m  √[0m[90m should post deposit token[0m[31m (6662ms)[0m

[0m  Contract: TestCrossroad_PostDepositTokenPayFee_FillAll1[0m
post gas: 600795
fill gas: 87725
  [32m  √[0m[90m should post deposit token[0m[31m (7136ms)[0m

[0m  Contract: TestCrossroad_PostDepositTokenPayFee_FillAll2[0m
post gas: 600795
fill1 gas: 137800
fill2 gas: 137800
fill3 gas: 87725
  [32m  √[0m[90m should post deposit token[0m[31m (15284ms)[0m


[92m [0m[32m 4 passing[0m[90m (58s)[0m

Using network 'test'.


Compiling your contracts...
===========================
> Compiling .\contracts\_test\TestCrossroadCallee.sol
> Artifacts written to C:\Users\whanh\AppData\Local\Temp\test--1944-ppsHz32dR3vp
> Compiled successfully using:
   - solc: 0.8.3+commit.8d00100c.Emscripten.clang


[0m[0m
[0m  Contract: TestCrossroad_PostDepositTokenPayFee_FillOver1[0m
post gas: 600795
fill gas: 87725
  [32m  √[0m[90m should post deposit token[0m[31m (5225ms)[0m

[0m  Contract: TestCrossroad_PostDepositTokenPayFee_FillOver2[0m
post gas: 600795
fill1 gas: 137800
fill2 gas: 87725
  [32m  √[0m[90m should post deposit token[0m[31m (7299ms)[0m


[92m [0m[32m 2 passing[0m[90m (23s)[0m

Using network 'test'.


Compiling your contracts...
===========================
> Compiling .\contracts\_test\TestCrossroadCallee.sol
> Artifacts written to C:\Users\whanh\AppData\Local\Temp\test--5380-4x52UhLtHpCX
> Compiled successfully using:
   - solc: 0.8.3+commit.8d00100c.Emscripten.clang


[0m[0m
[0m  Contract: TestCrossroad_Records_SinglePoster[0m
  [32m  √[0m[90m should have proper records[0m[31m (20173ms)[0m

[0m  Contract: TestCrossroad_Records_MultiPoster[0m
  [32m  √[0m[90m should have proper records[0m[31m (49606ms)[0m


[92m [0m[32m 2 passing[0m[90m (1m)[0m

Using network 'test'.


Compiling your contracts...
===========================
> Compiling .\contracts\_test\TestCrossroadCallee.sol
> Artifacts written to C:\Users\whanh\AppData\Local\Temp\test--976-e9VAWqRr47qB
> Compiled successfully using:
   - solc: 0.8.3+commit.8d00100c.Emscripten.clang


[0m[0m
[0m  Contract: TestCrossroad_PostWithdrawBnbPayFee_FillBnbPartial1[0m
post gas: 511950
deposit gas: 21184
fill gas: 162124
  [32m  √[0m[90m should post withdraw token[0m[31m (4507ms)[0m

[0m  Contract: TestCrossroad_PostWithdrawBnbPayFee_FillBnbPartial2[0m
post gas: 511950
deposit1 gas: 21184
fill1 gas: 162124
deposit2 gas: 21184
fill2 gas: 162124
  [32m  √[0m[90m should post withdraw token[0m[31m (6109ms)[0m

[0m  Contract: TestCrossroad_PostWithdrawBnbPayFee_FillBnbAll1[0m
post gas: 511950
deposit gas: 21184
fill gas: 119087
  [32m  √[0m[90m should post withdraw token[0m[31m (6083ms)[0m

[0m  Contract: TestCrossroad_PostWithdrawBnbPayFee_FillBnbAll2[0m
post gas: 511950
deposit1 gas: 21184
fill1 gas: 168824
deposit2 gas: 21184
fill2 gas: 168824
deposit3 gas: 21184
fill3 gas: 122437
  [32m  √[0m[90m should post withdraw token[0m[31m (12046ms)[0m


[92m [0m[32m 4 passing[0m[90m (52s)[0m

Using network 'test'.


Compiling your contracts...
===========================
> Compiling .\contracts\_test\TestCrossroadCallee.sol
> Artifacts written to C:\Users\whanh\AppData\Local\Temp\test--13104-RGfSyQ6kfqs8
> Compiled successfully using:
   - solc: 0.8.3+commit.8d00100c.Emscripten.clang


[0m[0m
[0m  Contract: TestCrossroad_PostDepositTokenPayFee_FillOver1[0m
post gas: 511950
deposit gas: 21184
fill gas: 122437
  [32m  √[0m[90m should post deposit token[0m[31m (4347ms)[0m

[0m  Contract: TestCrossroad_PostDepositTokenPayFee_FillOver2[0m
post gas: 511950
deposit1 gas: 21184
fill1 gas: 168824
deposit2 gas: 21184
fill2 gas: 122437
  [32m  √[0m[90m should post deposit token[0m[31m (5442ms)[0m


[92m [0m[32m 2 passing[0m[90m (21s)[0m

Using network 'test'.


Compiling your contracts...
===========================
> Compiling .\contracts\_test\TestCrossroadCallee.sol
> Artifacts written to C:\Users\whanh\AppData\Local\Temp\test--9100-njVH2MLAUJoB
> Compiled successfully using:
   - solc: 0.8.3+commit.8d00100c.Emscripten.clang


[0m[0m
[0m  Contract: TestCrossroad_PostDepositBnbPayFee_FillBnbPartial1[0m
post gas: 511950
fill gas: 127647
  [32m  √[0m[90m should post deposit token[0m[31m (3928ms)[0m

[0m  Contract: TestCrossroad_PostDepositBnbPayFee_FillBnbPartial2[0m
post gas: 511950
fill1 gas: 127647
fill2 gas: 127647
  [32m  √[0m[90m should post deposit token[0m[31m (5708ms)[0m

[0m  Contract: TestCrossroad_PostDepositBnbPayFee_FillBnbAll1[0m
post gas: 511950
fill gas: 82649
  [32m  √[0m[90m should post deposit token[0m[31m (5532ms)[0m

[0m  Contract: TestCrossroad_PostDepositBnbPayFee_FillBnbAll2[0m
post gas: 511950
fill1 gas: 127647
fill2 gas: 127647
fill3 gas: 82649
  [32m  √[0m[90m should post deposit token[0m[31m (14282ms)[0m


[92m [0m[32m 4 passing[0m[90m (54s)[0m

Using network 'test'.


Compiling your contracts...
===========================
> Compiling .\contracts\_test\TestCrossroadCallee.sol
> Artifacts written to C:\Users\whanh\AppData\Local\Temp\test--14964-4Mt7bjgGs7Fn
> Compiled successfully using:
   - solc: 0.8.3+commit.8d00100c.Emscripten.clang


[0m[0m
[0m  Contract: TestCrossroad_PostDepositTokenPayFee_FillOver1[0m
post gas: 511950
fill gas: 85999
  [32m  √[0m[90m should post deposit token[0m[31m (4351ms)[0m

[0m  Contract: TestCrossroad_PostDepositTokenPayFee_FillOver2[0m
post gas: 511950
fill1 gas: 127647
fill2 gas: 85999
  [32m  √[0m[90m should post deposit token[0m[31m (5576ms)[0m


[92m [0m[32m 2 passing[0m[90m (19s)[0m

Using network 'test'.


Compiling your contracts...
===========================
> Compiling .\contracts\_test\TestCrossroadCallee.sol
> Artifacts written to C:\Users\whanh\AppData\Local\Temp\test--3596-p88pYn8aNrlZ
> Compiled successfully using:
   - solc: 0.8.3+commit.8d00100c.Emscripten.clang


[0m[0m
[0m  Contract: TestCrossroad_PostWithdrawTokenPayFee[0m
post gas: 531390
  [32m  √[0m[90m should post withdraw token[0m[31m (3501ms)[0m

[0m  Contract: TestCrossroad_PostWithdrawTokenBuyFee[0m
post gas: 571441
  [32m  √[0m[90m should post withdraw token[0m[31m (3955ms)[0m

[0m  Contract: TestCrossroad_PostWithdrawTokenPayFee_Renew[0m
post gas: 531390
renew gas: 30220
  [32m  √[0m[90m should post withdraw token[0m[31m (5217ms)[0m

[0m  Contract: TestCrossroad_PostWithdrawTokenPayFee_Cancel[0m
post gas: 531390
cancel gas: 60884
  [32m  √[0m[90m should post withdraw token[0m[31m (7836ms)[0m


[92m [0m[32m 4 passing[0m[90m (44s)[0m

Using network 'test'.


Compiling your contracts...
===========================
> Compiling .\contracts\_test\TestCrossroadCallee.sol
> Artifacts written to C:\Users\whanh\AppData\Local\Temp\test--3360-FDNf0oW2yk5e
> Compiled successfully using:
   - solc: 0.8.3+commit.8d00100c.Emscripten.clang


[0m[0m
[0m  Contract: TestCrossroad_PostWithdrawTokenPayFee_FillPartial1[0m
post gas: 531390
fill gas: 146710
  [32m  √[0m[90m should post withdraw token[0m[31m (5063ms)[0m

[0m  Contract: TestCrossroad_PostWithdrawTokenPayFee_FillPartial2[0m
post gas: 531390
fill1 gas: 146710
fill2 gas: 146710
  [32m  √[0m[90m should post withdraw token[0m[31m (7097ms)[0m

[0m  Contract: TestCrossroad_PostWithdrawTokenPayFee_FillAll1[0m
post gas: 531390
fill gas: 92180
  [32m  √[0m[90m should post withdraw token[0m[31m (7846ms)[0m

[0m  Contract: TestCrossroad_PostWithdrawTokenPayFee_FillAll2[0m
post gas: 531390
fill1 gas: 146710
fill2 gas: 146710
fill3 gas: 92180
  [32m  √[0m[90m should post withdraw token[0m[31m (13057ms)[0m


[92m [0m[32m 4 passing[0m[90m (55s)[0m

Using network 'test'.


Compiling your contracts...
===========================
> Compiling .\contracts\_test\TestCrossroadCallee.sol
> Artifacts written to C:\Users\whanh\AppData\Local\Temp\test--10776-jhWoUIYIJOzO
> Compiled successfully using:
   - solc: 0.8.3+commit.8d00100c.Emscripten.clang


[0m[0m
[0m  Contract: TestCrossroad_PostWithdrawTokenPayFee_FillOver1[0m
post gas: 531390
fill gas: 92180
  [32m  √[0m[90m should post withdraw token[0m[31m (5159ms)[0m

[0m  Contract: TestCrossroad_PostWithdrawTokenPayFee_FillOver2[0m
post gas: 531390
fill1 gas: 146710
fill2 gas: 92180
  [32m  √[0m[90m should post withdraw token[0m[31m (7229ms)[0m


[92m [0m[32m 2 passing[0m[90m (22s)[0m

